// Jest Snapshot v1, https://goo.gl/fbAQLP

exports[`ParticlesAnimation should match the snapshot 1`] = `
<section
  className="particles-outer-container"
>
  <f
    className="particles"
    height="100%"
    id="tsparticles"
    params={
      Object {
        "interactivity": Object {
          "events": Object {
            "onhover": Object {
              "enable": true,
              "mode": "repulse",
            },
          },
        },
        "particles": Object {
          "color": Object {
            "value": "#752082",
          },
          "line_linked": Object {
            "color": "#F600FF",
            "distance": 150,
            "enable": true,
            "opacity": 0.4,
            "width": 2,
          },
          "move": Object {
            "speed": 0.8,
          },
          "number": Object {
            "density": Object {
              "enable": true,
              "value_area": 1000,
            },
            "value": 120,
          },
          "opacity": Object {
            "anim": Object {
              "enable": true,
            },
            "value": 0.9,
          },
          "size": Object {
            "value": 3,
          },
        },
      }
    }
    style={Object {}}
    width="100%"
  />
</section>
`;
